../Core/Src/main.c:179:6:BTS7960_Stop	8	static
../Core/Src/main.c:188:6:BTS7960_Forward	24	static
../Core/Src/main.c:203:6:BTS7960_Reverse	24	static
../Core/Src/main.c:224:24:adc_to_millivolts	16	static
../Core/Src/main.c:229:6:usbPrint	24	static
../Core/Src/main.c:239:6:runAutoStateMachine	16	static
../Core/Src/main.c:337:6:HAL_GPIO_EXTI_Callback	24	static
../Core/Src/main.c:369:5:main	176	static
../Core/Src/main.c:603:6:SystemClock_Config	88	static
../Core/Src/main.c:662:6:HAL_ADC_ConvCpltCallback	16	static
../Core/Src/main.c:771:6:HAL_TIM_PWM_PulseFinishedCallback	40	static
../Core/Src/main.c:827:6:HAL_SYSTICK_Callback	4	static
../Core/Src/main.c:838:6:Error_Handler	4	static,ignoring_inline_asm
